08:57:30.168 [MainThread] INFO    thonny: Thonny version: 4.1.7
08:57:30.168 [MainThread] INFO    thonny: cwd: /home/lhsengr02/.config/Thonny/leave_this_empty
08:57:30.168 [MainThread] INFO    thonny: original argv: ['/usr/bin/python3', '-u', '-B', '/usr/lib/python3/dist-packages/thonny/plugins/cpython_backend/cp_launcher.py', '/home/lhsengr02', "{'run.warn_module_shadowing': True}"]
08:57:30.168 [MainThread] INFO    thonny: sys.executable: /usr/bin/python3
08:57:30.168 [MainThread] INFO    thonny: sys.argv: ['/usr/lib/python3/dist-packages/thonny/plugins/cpython_backend/cp_launcher.py', '/home/lhsengr02', "{'run.warn_module_shadowing': True}"]
08:57:30.168 [MainThread] INFO    thonny: sys.path: ['/usr/lib/python3/dist-packages/thonny/plugins/cpython_backend', '/usr/lib/python313.zip', '/usr/lib/python3.13', '/usr/lib/python3.13/lib-dynload', '/usr/local/lib/python3.13/dist-packages', '/usr/lib/python3/dist-packages']
08:57:30.168 [MainThread] INFO    thonny: sys.flags: sys.flags(debug=0, inspect=0, interactive=0, optimize=0, dont_write_bytecode=1, no_user_site=0, no_site=0, ignore_environment=0, verbose=0, bytes_warning=0, quiet=0, hash_randomization=1, isolated=0, dev_mode=False, utf8_mode=0, warn_default_encoding=0, safe_path=False, int_max_str_digits=4300)
08:57:30.169 [MainThread] INFO    thonny: TIME/MODS 0.031 Before constructing backend (+27 modules)
08:57:30.169 [MainThread] INFO    thonny: NEW MODS ['_heapq', '_locale', '_posixsubprocess', '_queue', 'encodings.ascii', 'faulthandler', 'fcntl', 'fnmatch', 'glob', 'grp', 'heapq', 'locale', 'math', 'ntpath', 'pathlib', 'pathlib._abc', 'pathlib._local', 'pwd', 'queue', 'select', 'selectors', 'signal', 'subprocess', 'thonny.backend', 'thonny.plugins', 'thonny.plugins.cpython_backend', 'thonny.plugins.cpython_backend.cp_back']
08:57:30.169 [MainThread] INFO    thonny: TIME/MODS 0.000 Before MainBackend 
08:57:30.170 [MainThread] INFO    thonny: TIME/MODS 0.000 After MainBackend 
08:57:30.199 [MainThread] INFO    thonny.backend: Loading plugins
08:57:30.199 [MainThread] INFO    thonny: TIME/MODS 0.030 Before loading plugins (+10 modules)
08:57:30.200 [MainThread] INFO    thonny: NEW MODS ['_pyrepl', '_pyrepl.pager', '_sysconfigdata__linux_aarch64-linux-gnu', 'ipaddress', 'pkgutil', 'platform', 'pydoc', 'sysconfig', 'urllib', 'urllib.parse']
08:57:30.200 [MainThread] INFO    thonny.common: Using THONNY_FRONTEND_SYS_PATH ['/usr/bin', '/usr/lib/python313.zip', '/usr/lib/python3.13', '/usr/lib/python3.13/lib-dynload', '/usr/local/lib/python3.13/dist-packages', '/usr/lib/python3/dist-packages', '/home/lhsengr02/.config/Thonny/plugins/lib/python3.13/site-packages']
08:57:30.202 [MainThread] INFO    thonny.backend: Loading plugin 'thonny.plugins.backend.birdseye_backend'
08:57:30.203 [MainThread] INFO    thonny.backend: Loading plugin 'thonny.plugins.backend.dock_user_windows_backend'
08:57:30.204 [MainThread] INFO    thonny.backend: Loading plugin 'thonny.plugins.backend.flask_backend'
08:57:30.205 [MainThread] INFO    thonny.backend: Loading plugin 'thonny.plugins.backend.matplotlib_backend'
08:57:30.206 [MainThread] INFO    thonny.backend: Loading plugin 'thonny.plugins.backend.pgzero_backend'
08:57:30.210 [MainThread] INFO    thonny: TIME/MODS 0.010 After loading plugins (+6 modules)
08:57:30.210 [MainThread] INFO    thonny: NEW MODS ['thonny.plugins.backend', 'thonny.plugins.backend.birdseye_backend', 'thonny.plugins.backend.dock_user_windows_backend', 'thonny.plugins.backend.flask_backend', 'thonny.plugins.backend.matplotlib_backend', 'thonny.plugins.backend.pgzero_backend']
08:57:30.215 [MainThread] INFO    thonny: TIME/MODS 0.005 Beginning of mainloop 
08:57:30.216 [MainThread] INFO    thonny: TIME/MODS 0.001 Before Run 
08:57:30.220 [MainThread] INFO    thonny: TIME/MODS 0.004 Starting _execute_file 
08:57:30.221 [MainThread] INFO    thonny: TIME/MODS 0.000 Done preprocessing 
08:57:30.221 [MainThread] INFO    thonny: TIME/MODS 0.000 Done creating executor 
08:57:30.221 [MainThread] INFO    thonny: TIME/MODS 0.000 Before preparing ast in executor 
08:57:30.229 [MainThread] INFO    thonny: TIME/MODS 0.009 After compiling ast in executor (+1 modules)
08:57:30.230 [MainThread] INFO    thonny: NEW MODS ['pgzero']
08:57:30.259 [MainThread] INFO    thonny: TIME/MODS 0.030 After Run 
08:57:30.259 [MainThread] INFO    thonny: TIME/MODS 0.000 Sending message ToplevelResponse 
08:57:30.260 [MainThread] INFO    thonny.backend: Loading Jedi
08:57:30.260 [MainThread] INFO    thonny: TIME/MODS 0.001 Before loading Jedi 
08:57:30.260 [MainThread] INFO    thonny.common: Using THONNY_FRONTEND_SYS_PATH ['/usr/bin', '/usr/lib/python313.zip', '/usr/lib/python3.13', '/usr/lib/python3.13/lib-dynload', '/usr/local/lib/python3.13/dist-packages', '/usr/lib/python3/dist-packages', '/home/lhsengr02/.config/Thonny/plugins/lib/python3.13/site-packages']
08:57:30.442 [MainThread] INFO    thonny: TIME/MODS 0.182 After loading Jedi (+127 modules)
08:57:30.442 [MainThread] INFO    thonny: NEW MODS ['_blake2', '_bz2', '_compat_pickle', '_compression', '_hashlib', '_json', '_lzma', '_pickle', '_struct', 'binascii', 'bz2', 'difflib', 'filecmp', 'gc', 'hashlib', 'jedi', 'jedi._compatibility', 'jedi.api', 'jedi.api.classes', 'jedi.api.completion', 'jedi.api.completion_cache', 'jedi.api.environment', 'jedi.api.errors', 'jedi.api.exceptions', 'jedi.api.file_name', 'jedi.api.helpers', 'jedi.api.interpreter', 'jedi.api.keywords', 'jedi.api.project', 'jedi.api.refactoring', 'jedi.api.refactoring.extract', 'jedi.api.strings', 'jedi.cache', 'jedi.common', 'jedi.debug', 'jedi.file_io', 'jedi.inference', 'jedi.inference.analysis', 'jedi.inference.arguments', 'jedi.inference.base_value', 'jedi.inference.cache', 'jedi.inference.compiled', 'jedi.inference.compiled.access', 'jedi.inference.compiled.getattr_static', 'jedi.inference.compiled.mixed', 'jedi.inference.compiled.subprocess', 'jedi.inference.compiled.subprocess.functions', 'jedi.inference.compiled.value', 'jedi.inference.context', 'jedi.inference.docstring_utils', 'jedi.inference.docstrings', 'jedi.inference.filters', 'jedi.inference.flow_analysis', 'jedi.inference.gradual', 'jedi.inference.gradual.annotation', 'jedi.inference.gradual.base', 'jedi.inference.gradual.conversion', 'jedi.inference.gradual.generics', 'jedi.inference.gradual.stub_value', 'jedi.inference.gradual.type_var', 'jedi.inference.gradual.typeshed', 'jedi.inference.gradual.typing', 'jedi.inference.gradual.utils', 'jedi.inference.helpers', 'jedi.inference.imports', 'jedi.inference.lazy_value', 'jedi.inference.names', 'jedi.inference.param', 'jedi.inference.parser_cache', 'jedi.inference.recursion', 'jedi.inference.references', 'jedi.inference.signature', 'jedi.inference.syntax_tree', 'jedi.inference.sys_path', 'jedi.inference.utils', 'jedi.inference.value', 'jedi.inference.value.decorator', 'jedi.inference.value.dynamic_arrays', 'jedi.inference.value.function', 'jedi.inference.value.instance', 'jedi.inference.value.iterable', 'jedi.inference.value.klass', 'jedi.inference.value.module', 'jedi.inference.value.namespace', 'jedi.parser_utils', 'jedi.plugins', 'jedi.plugins.django', 'jedi.plugins.flask', 'jedi.plugins.pytest', 'jedi.plugins.registry', 'jedi.plugins.stdlib', 'jedi.settings', 'json', 'json.decoder', 'json.encoder', 'json.scanner', 'lzma', 'parso', 'parso._compatibility', 'parso.cache', 'parso.file_io', 'parso.grammar', 'parso.normalizer', 'parso.parser', 'parso.pgen2', 'parso.pgen2.generator', 'parso.pgen2.grammar_parser', 'parso.python', 'parso.python.diff', 'parso.python.errors', 'parso.python.parser', 'parso.python.pep8', 'parso.python.prefix', 'parso.python.token', 'parso.python.tokenize', 'parso.python.tree', 'parso.tree', 'parso.utils', 'pickle', 'pydoc_data', 'pydoc_data.topics', 'shutil', 'struct', 'zipfile', 'zipfile._path', 'zipfile._path.glob', 'zlib']
