08:56:57.750 [MainThread] INFO    thonny: Thonny version: 4.1.7
08:56:57.750 [MainThread] INFO    thonny: cwd: /home/lhsengr02
08:56:57.750 [MainThread] INFO    thonny: original argv: ['/usr/bin/python3', '/usr/bin/thonny']
08:56:57.750 [MainThread] INFO    thonny: sys.executable: /usr/bin/python3
08:56:57.751 [MainThread] INFO    thonny: sys.argv: ['/usr/bin/thonny']
08:56:57.751 [MainThread] INFO    thonny: sys.path: ['/usr/bin', '/usr/lib/python313.zip', '/usr/lib/python3.13', '/usr/lib/python3.13/lib-dynload', '/usr/local/lib/python3.13/dist-packages', '/usr/lib/python3/dist-packages']
08:56:57.751 [MainThread] INFO    thonny: sys.flags: sys.flags(debug=0, inspect=0, interactive=0, optimize=0, dont_write_bytecode=0, no_user_site=0, no_site=0, ignore_environment=0, verbose=0, bytes_warning=0, quiet=0, hash_randomization=1, isolated=0, dev_mode=False, utf8_mode=0, warn_default_encoding=0, safe_path=False, int_max_str_digits=4300)
08:56:57.848 [MainThread] INFO    thonny.workbench: Starting Workbench
08:56:58.032 [MainThread] INFO    thonny.workbench: Creating runner
08:56:58.036 [MainThread] INFO    thonny.workbench: Start loading plugins
08:56:58.181 [MainThread] INFO    thonny.workbench: Done loading plugins
08:56:58.411 [MainThread] INFO    thonny.workbench: Opening views
08:56:58.693 [MainThread] INFO    thonny.plugins.cpython_frontend.cp_front: Creating LocalCPythonProxy
08:56:58.694 [MainThread] INFO    thonny.running: Starting the backend: ['/usr/bin/python3', '-u', '-B', '/usr/lib/python3/dist-packages/thonny/plugins/cpython_backend/cp_launcher.py', '/home/lhsengr02', "{'run.warn_module_shadowing': True}"] /home/lhsengr02
08:57:28.087 [MainThread] INFO    thonny.ui_utils: Restoring focus to .
08:57:28.090 [MainThread] INFO    thonny.editors: Save dialog returned '/home/lhsengr02/camera.py' with typevariable ''
08:57:29.962 [MainThread] INFO    thonny: TIME/MODS 32.218 Before Run (+163 modules)
08:57:29.963 [MainThread] INFO    thonny: NEW MODS ['_blake2', '_datetime', '_hashlib', '_heapq', '_locale', '_posixsubprocess', '_queue', '_socket', '_ssl', '_tkinter', 'array', 'base64', 'configparser', 'datetime', 'email._encoded_words', 'email._parseaddr', 'email._policybase', 'email.base64mime', 'email.charset', 'email.encoders', 'email.errors', 'email.feedparser', 'email.header', 'email.iterators', 'email.message', 'email.parser', 'email.quoprimime', 'email.utils', 'encodings.ascii', 'faulthandler', 'fcntl', 'gettext', 'hashlib', 'heapq', 'http', 'http.client', 'ipaddress', 'locale', 'pkgutil', 'platform', 'queue', 'quopri', 'runpy', 'select', 'selectors', 'shlex', 'signal', 'socket', 'ssl', 'subprocess', 'thonny.assistance', 'thonny.ast_utils', 'thonny.backend', 'thonny.base_file_browser', 'thonny.codeview', 'thonny.config', 'thonny.config_ui', 'thonny.editor_helpers', 'thonny.editors', 'thonny.languages', 'thonny.memory', 'thonny.misc_utils', 'thonny.plugins', 'thonny.plugins.about', 'thonny.plugins.assistant_config_page', 'thonny.plugins.ast_view', 'thonny.plugins.autocomplete', 'thonny.plugins.backend', 'thonny.plugins.backend_config_page', 'thonny.plugins.base_syntax_themes', 'thonny.plugins.base_ui_themes', 'thonny.plugins.birdseye_frontend', 'thonny.plugins.calltip', 'thonny.plugins.cells', 'thonny.plugins.circuitpython', 'thonny.plugins.circuitpython.cirpy_front', 'thonny.plugins.clean_ui_themes', 'thonny.plugins.coloring', 'thonny.plugins.commenting_indenting', 'thonny.plugins.common_editing_commands', 'thonny.plugins.cpython_backend', 'thonny.plugins.cpython_backend.cp_back', 'thonny.plugins.cpython_frontend', 'thonny.plugins.cpython_frontend.cp_front', 'thonny.plugins.cpython_ssh', 'thonny.plugins.cpython_ssh.cps_front', 'thonny.plugins.debugger', 'thonny.plugins.dock_user_windows_frontend', 'thonny.plugins.editor_config_page', 'thonny.plugins.esp', 'thonny.plugins.ev3', 'thonny.plugins.event_logging', 'thonny.plugins.event_view', 'thonny.plugins.files', 'thonny.plugins.find_replace', 'thonny.plugins.general_config_page', 'thonny.plugins.goto_definition', 'thonny.plugins.heap', 'thonny.plugins.help', 'thonny.plugins.highlight_names', 'thonny.plugins.locals_marker', 'thonny.plugins.microbit', 'thonny.plugins.micropython', 'thonny.plugins.micropython.base_flashing_dialog', 'thonny.plugins.micropython.esptool_dialog', 'thonny.plugins.micropython.mp_common', 'thonny.plugins.micropython.mp_front', 'thonny.plugins.micropython.uf2dialog', 'thonny.plugins.misc_analyzers', 'thonny.plugins.mypy', 'thonny.plugins.notes', 'thonny.plugins.object_inspector', 'thonny.plugins.outline', 'thonny.plugins.paren_matcher', 'thonny.plugins.pgzero_frontend', 'thonny.plugins.pi', 'thonny.plugins.pip_gui', 'thonny.plugins.prime_inventor', 'thonny.plugins.printing', 'thonny.plugins.pylint', 'thonny.plugins.pylint.messages', 'thonny.plugins.pythontutor', 'thonny.plugins.remove_old_data_dir', 'thonny.plugins.replayer', 'thonny.plugins.rp2040', 'thonny.plugins.rpi_pico', 'thonny.plugins.run_debug_config_page', 'thonny.plugins.shell_config_page', 'thonny.plugins.shell_macro', 'thonny.plugins.statement_boxes', 'thonny.plugins.stdlib_error_helpers', 'thonny.plugins.system_shell', 'thonny.plugins.terminal_config_page', 'thonny.plugins.theme_and_font_config_page', 'thonny.plugins.thonny_folders', 'thonny.plugins.todo_view', 'thonny.plugins.tomorrow_syntax_theme', 'thonny.plugins.variables', 'thonny.roughparse', 'thonny.rst_utils', 'thonny.running', 'thonny.shell', 'thonny.terminal', 'thonny.tktextext', 'thonny.token_utils', 'thonny.ui_utils', 'thonny.workbench', 'thonny.workdlg', 'tkinter', 'tkinter.commondialog', 'tkinter.constants', 'tkinter.dialog', 'tkinter.filedialog', 'tkinter.font', 'tkinter.messagebox', 'tkinter.simpledialog', 'tkinter.ttk', 'urllib', 'urllib.error', 'urllib.parse', 'urllib.request', 'urllib.response', 'webbrowser']
08:57:29.970 [MainThread] INFO    thonny.running: Killing backend process
08:57:29.970 [MainThread] INFO    thonny.running: Starting the backend: ['/usr/bin/python3', '-u', '-B', '/usr/lib/python3/dist-packages/thonny/plugins/cpython_backend/cp_launcher.py', '/home/lhsengr02', "{'run.warn_module_shadowing': True}"] /home/lhsengr02
08:57:29.975 [Thread-2 (_listen_stdout)] INFO    thonny.running: Reader got EOF
08:57:30.169 [MainThread] INFO    thonny.running: Prepared clean state for executing ToplevelCommand(args=['camera.py'], args_str='camera.py', cmd_line='%Run camera.py', tty_mode=True, source=None, name='Run', argv=[], id='cmd_4', local_cwd='/home/lhsengr02')
08:57:30.173 [MainThread] INFO    thonny: TIME/MODS 0.211 After Run 
08:57:37.600 [MainThread] INFO    thonny.running: Killing backend process
08:57:37.601 [MainThread] INFO    thonny.shell: BaseShellText._on_backend_terminated
08:57:37.605 [Thread-4 (_listen_stdout)] INFO    thonny.running: Reader got EOF
